// Jest Snapshot v1, https://goo.gl/fbAQLP

exports[`About component matches snapshot DOM node structure 1`] = `
<DocumentFragment>
  <section
    class="my-5"
  >
    <img
      alt="cover"
      class="my-2"
      src="mexico.png"
      style="width: 20%;"
    />
    <h1
      id="about"
    >
       I am a full stack web developer going through a coding bootcamp with the University of Minnesota!
    </h1>
  </section>
</DocumentFragment>
`;
